<?xml version="1.0" encoding="UTF-8"?>
<dataset>
	<CUSTOMER RID="1" FIRST_NAME="FRANK" LAST_NAME="CLIKE" LAST_MODIFIED_DATE="[now]"/>
	<CUSTOMER RID="2" FIRST_NAME="JOHN" LAST_NAME="LIN" LAST_MODIFIED_DATE="2016-06-28 15:16:15"/>
	
	<PHONE RID="1" COSTOMER_RID="1" PHONE_NUMBER="555-1234" PHONE_TYPE="[null]"/>
	<PHONE RID="2" COSTOMER_RID="1" PHONE_NUMBER="02-3456" PHONE_TYPE="TAIWAN" />
</dataset>